2026-02-12 17:28:33,117 | INFO     | __main__ | Serving static files from: C:\Work\Core\Qatar-Visa-bot\web
2026-02-12 17:28:33,381 | INFO     | web_server | Serving static files from: C:\Work\Core\Qatar-Visa-bot\web
2026-02-12 17:28:33,390 | INFO     | web_server | Scheduler started
2026-02-12 17:28:33,390 | INFO     | web_server | Qatar Visa Bot Web Server is ready (Parallel Mode)
2026-02-12 18:04:15,493 | INFO     | web_server | Bot started for 1 applicants (max parallel: 1)
2026-02-12 18:04:15,499 | INFO     | web_server | [Bot] ==================================================
2026-02-12 18:04:15,499 | INFO     | web_server | [Bot] PARALLEL BOT STARTED
2026-02-12 18:04:15,499 | INFO     | web_server | [Bot] Center: Islamabad
2026-02-12 18:04:15,499 | INFO     | web_server | [Bot] Applicants: 1
2026-02-12 18:04:15,499 | INFO     | web_server | [Bot] Max parallel: 1
2026-02-12 18:04:15,499 | INFO     | web_server | [Bot] ==================================================
2026-02-12 18:04:15,511 | INFO     | web_server | [Bot] [QU1181251] Created session 1/1
2026-02-12 18:04:15,971 | INFO     | web_server | [Bot] [QU1181251] Starting session...
2026-02-12 18:04:15,971 | INFO     | proxy_manager | Rotating proxy session: None -> 173ev8z0
2026-02-12 18:04:15,973 | INFO     | proxy_manager | Proxy rotated (reason: rotation_1) | Count: 1 | Session: 173ev8z0
2026-02-12 18:04:17,313 | INFO     | captcha_solver | Local OCR (ddddocr) initialized
2026-02-12 18:04:17,313 | INFO     | browser_engine | Starting browser...
2026-02-12 18:04:17,313 | INFO     | browser_engine | Proxy configured: gw.dataimpulse.com:823
2026-02-12 18:04:17,313 | INFO     | browser_engine | Session ID: 173ev8z0
2026-02-12 18:04:17,347 | INFO     | browser_engine | Chrome at known path: C:\Program Files\Google\Chrome\Application\chrome.exe
2026-02-12 18:04:17,348 | INFO     | nodriver.core.browser | starting
	executable :C:\Program Files\Google\Chrome\Application\chrome.exe

arguments:
--remote-allow-origins=*
	--no-first-run
	--no-service-autorun
	--no-default-browser-check
	--homepage=about:blank
	--no-pings
	--password-store=basic
	--disable-infobars
	--disable-breakpad
	--disable-dev-shm-usage
	--disable-session-crashed-bubble
	--disable-search-engine-choice-screen
	--user-data-dir=C:\Users\calci\AppData\Local\Temp\chrome_uc_045fd255
	--disable-session-crashed-bubble
	--disable-features=IsolateOrigins,site-per-process
	--disable-setuid-sandbox
	--window-size=1920,1080
	--start-maximized
	--disable-blink-features=AutomationControlled
	--disable-default-apps
	--disable-sync
	--disable-translate
	--mute-audio
	--disable-gpu
	--disable-software-rasterizer
	--disable-extensions
	--disable-background-networking
	--disable-background-timer-throttling
	--disable-backgrounding-occluded-windows
	--disable-renderer-backgrounding
	--disable-component-update
	--disable-hang-monitor
	--disable-popup-blocking
	--disable-prompt-on-repost
	--metrics-recording-only
	--no-zygote
	--single-process
	--js-flags=--max-old-space-size=128
	--proxy-server=http://gw.dataimpulse.com:823
	--no-sandbox
	--remote-debugging-host=127.0.0.1
	--remote-debugging-port=65472
2026-02-12 18:04:17,780 | INFO     | nodriver.core.browser | enabling autodiscover targets
2026-02-12 18:04:20,506 | INFO     | web_server | [Bot] All 1 sessions started, waiting for completion...
2026-02-12 18:04:34,787 | INFO     | web_server | Force stop initiated for all sessions
2026-02-12 18:04:34,789 | INFO     | web_server | Browser force closed for session sess_2ca294f0
2026-02-12 18:04:34,789 | INFO     | web_server | [Bot] All sessions force stopped
2026-02-12 18:04:34,789 | INFO     | web_server | Bot stopped by user
2026-02-12 18:04:34,790 | INFO     | web_server | [Bot] [QU1181251] Session cancelled
2026-02-12 18:04:34,799 | INFO     | web_server | [Bot] ==================================================
2026-02-12 18:04:34,799 | INFO     | web_server | [Bot] All sessions completed - no slots found
2026-02-12 18:04:34,799 | INFO     | web_server | [Bot] ==================================================
2026-02-12 18:04:34,800 | INFO     | web_server | [Bot] Final: 0 completed, 0 failed, 1 stopped
2026-02-17 14:06:59,802 | WARNING  | __main__ | Failed to initialize S3Logger: Invalid endpoint: https://s3..amazonaws.com
2026-02-17 14:06:59,804 | INFO     | __main__ | Serving static files from: C:\Work\Core\Qatar-Visa-bot\web
2026-02-17 14:07:00,186 | WARNING  | web_server | Failed to initialize S3Logger: Invalid endpoint: https://s3..amazonaws.com
2026-02-17 14:07:00,186 | INFO     | web_server | Serving static files from: C:\Work\Core\Qatar-Visa-bot\web
2026-02-17 14:07:00,209 | INFO     | web_server | Scheduler started
2026-02-17 14:07:00,210 | INFO     | web_server | Qatar Visa Bot Web Server is ready (Parallel Mode)
2026-02-17 14:07:06,873 | INFO     | web_server | Shutting down - cleaning up...
2026-02-17 14:07:06,873 | INFO     | web_server | Force stop initiated for all sessions
2026-02-17 14:07:06,873 | INFO     | web_server | [Bot] All sessions force stopped
2026-02-17 14:07:06,873 | INFO     | web_server | Shutdown complete
2026-03-17 11:36:51,453 | INFO     | __main__ | S3 session logging enabled
2026-03-17 11:36:51,454 | INFO     | __main__ | Serving static files from: C:\Work\Core\Qatar-Visa-bot\web
2026-03-17 11:36:51,650 | INFO     | web_server | S3 session logging enabled
2026-03-17 11:36:51,651 | INFO     | web_server | Serving static files from: C:\Work\Core\Qatar-Visa-bot\web
2026-03-17 11:39:42,205 | INFO     | __main__ | S3 session logging enabled
2026-03-17 11:39:42,206 | INFO     | __main__ | Serving static files from: C:\Work\Core\Qatar-Visa-bot\web
2026-03-17 11:39:42,353 | INFO     | web_server | S3 session logging enabled
2026-03-17 11:39:42,353 | INFO     | web_server | Serving static files from: C:\Work\Core\Qatar-Visa-bot\web
2026-03-17 11:39:44,234 | INFO     | db | MongoDB connected
2026-03-17 11:39:44,600 | INFO     | web_server | Scheduler started
2026-03-17 11:39:44,601 | INFO     | web_server | Qatar Visa Bot Web Server is ready (Parallel Mode)
2026-03-17 11:40:30,222 | INFO     | web_server | Created applicant: CL1601271
2026-03-17 11:40:35,246 | INFO     | web_server | Bot started for 1 applicants (max parallel: 10)
2026-03-17 11:40:35,246 | INFO     | web_server | [Bot] ==================================================
2026-03-17 11:40:35,248 | INFO     | web_server | [Bot] PARALLEL BOT STARTED
2026-03-17 11:40:35,248 | INFO     | web_server | [Bot] Center: Islamabad
2026-03-17 11:40:35,248 | INFO     | web_server | [Bot] Applicants: 1
2026-03-17 11:40:35,248 | INFO     | web_server | [Bot] Max parallel: 10
2026-03-17 11:40:35,248 | INFO     | web_server | [Bot] ==================================================
2026-03-17 11:40:36,118 | INFO     | web_server | [Bot] [CL1601271] Created session 1/1
2026-03-17 11:40:36,520 | INFO     | web_server | [Bot] [CL1601271] Starting session...
2026-03-17 11:40:36,520 | INFO     | proxy_manager | Rotating proxy session: None -> 1ataawc4
2026-03-17 11:40:36,520 | INFO     | proxy_manager | Proxy rotated (reason: rotation_1) | Count: 1 | Session: 1ataawc4
2026-03-17 11:40:37,746 | INFO     | captcha_solver | Local OCR (ddddocr) initialized
2026-03-17 11:40:37,747 | INFO     | browser_engine | Starting browser...
2026-03-17 11:40:37,747 | INFO     | browser_engine | Proxy configured: gw.dataimpulse.com:823
2026-03-17 11:40:37,747 | INFO     | browser_engine | Session ID: 1ataawc4
2026-03-17 11:40:37,783 | INFO     | browser_engine | Chrome at known path: C:\Program Files\Google\Chrome\Application\chrome.exe
2026-03-17 11:40:37,785 | INFO     | nodriver.core.browser | starting
	executable :C:\Program Files\Google\Chrome\Application\chrome.exe

arguments:
--remote-allow-origins=*
	--no-first-run
	--no-service-autorun
	--no-default-browser-check
	--homepage=about:blank
	--no-pings
	--password-store=basic
	--disable-infobars
	--disable-breakpad
	--disable-dev-shm-usage
	--disable-session-crashed-bubble
	--disable-search-engine-choice-screen
	--user-data-dir=C:\Users\calci\AppData\Local\Temp\chrome_uc_cbd8847c
	--disable-session-crashed-bubble
	--disable-features=IsolateOrigins,site-per-process
	--no-sandbox
	--disable-setuid-sandbox
	--window-size=1920,1080
	--disable-blink-features=AutomationControlled
	--mute-audio
	--disable-gpu
	--proxy-server=http://gw.dataimpulse.com:823
	--no-sandbox
	--remote-debugging-host=127.0.0.1
	--remote-debugging-port=62821
2026-03-17 11:40:38,549 | INFO     | nodriver.core.browser | enabling autodiscover targets
2026-03-17 11:40:38,556 | INFO     | browser_engine | Browser process started (attempt 1)
2026-03-17 11:40:38,561 | INFO     | browser_engine | CDP proxy auth handler configured (user: ae206a2856858352a07d)
2026-03-17 11:40:38,561 | INFO     | browser_engine | Navigating to https://www.qatarvisacenter.com...
2026-03-17 11:40:41,135 | INFO     | web_server | [Bot] All 1 sessions started, waiting for completion...
2026-03-17 11:40:49,930 | INFO     | browser_engine | Page loaded - URL: https://www.qatarvisacenter.com/
2026-03-17 11:40:49,930 | INFO     | browser_engine | Page title: 'QVC | Qatar Visa Center'
2026-03-17 11:40:49,930 | INFO     | browser_engine | Page body preview: Choose applicant language and country of residence for appointment booking
Error !
Connection to server is lost. Please try again.
Close
2026-03-17 11:40:51,822 | INFO     | httpx | HTTP Request: GET https://api.ipify.org?format=json "HTTP/1.1 200 OK"
2026-03-17 11:40:51,823 | INFO     | proxy_manager | Current proxy IP: 190.219.85.253
2026-03-17 11:40:51,825 | INFO     | browser_engine | ✓ Proxy IP verified: 190.219.85.253
2026-03-17 11:40:51,828 | INFO     | bandwidth_monitor | ✓ Bandwidth monitor attached successfully
2026-03-17 11:40:51,830 | INFO     | browser_engine | Navigated to: https://www.qatarvisacenter.com/ | Title: QVC | Qatar Visa Center
2026-03-17 11:40:51,830 | INFO     | browser_engine | Browser started successfully
2026-03-17 11:40:53,545 | INFO     | httpx | HTTP Request: GET https://api.ipify.org?format=json "HTTP/1.1 200 OK"
2026-03-17 11:40:53,548 | INFO     | proxy_manager | Current proxy IP: 85.149.58.127
2026-03-17 11:40:53,549 | INFO     | web_server | [Bot] [CL1601271] Connected with IP: 85.149.58.127
2026-03-17 11:40:53,550 | INFO     | web_server | [Bot] [CL1601271] Session duration: 5 min
2026-03-17 11:40:53,550 | INFO     | browser_engine | ============================================================
2026-03-17 11:40:53,550 | INFO     | browser_engine | BOOKING ATTEMPT 1/3
2026-03-17 11:40:53,550 | INFO     | browser_engine | Applicant: CL1601271
2026-03-17 11:40:53,550 | INFO     | browser_engine | Date range: 2025-02-01 to 2025-03-31
2026-03-17 11:40:53,550 | INFO     | browser_engine | Center: Islamabad
2026-03-17 11:40:53,551 | INFO     | browser_engine | Proxy session: 1ataawc4
2026-03-17 11:40:53,551 | INFO     | browser_engine | ============================================================
2026-03-17 11:40:53,551 | INFO     | browser_engine | Logging in: CL1601271
2026-03-17 11:40:53,551 | INFO     | browser_engine | Starting full navigation — Language: English, Country: Pakistan
2026-03-17 11:40:57,111 | INFO     | browser_engine | Selecting language 'English' and country 'Pakistan' on landing page...
2026-03-17 11:40:57,112 | INFO     | browser_engine | Landing page ready after 1 checks
2026-03-17 11:40:57,752 | ERROR    | browser_engine | Option 'English' not found in '-- Select Language --' dropdown
2026-03-17 11:40:57,752 | ERROR    | browser_engine | Failed to select language: English
2026-03-17 11:40:57,752 | ERROR    | browser_engine | Failed to reach /schedule booking form
2026-03-17 11:40:57,754 | ERROR    | browser_engine | Login failed
2026-03-17 11:40:57,754 | INFO     | browser_engine | ============================================================
2026-03-17 11:40:57,754 | INFO     | browser_engine | BOOKING ATTEMPT 2/3
2026-03-17 11:40:57,754 | INFO     | browser_engine | Applicant: CL1601271
2026-03-17 11:40:57,754 | INFO     | browser_engine | Date range: 2025-02-01 to 2025-03-31
2026-03-17 11:40:57,755 | INFO     | browser_engine | Center: Islamabad
2026-03-17 11:40:57,755 | INFO     | browser_engine | Proxy session: 1ataawc4
2026-03-17 11:40:57,755 | INFO     | browser_engine | ============================================================
2026-03-17 11:40:57,755 | INFO     | browser_engine | Logging in: CL1601271
2026-03-17 11:40:57,755 | INFO     | browser_engine | Starting full navigation — Language: English, Country: Pakistan
2026-03-17 11:41:01,280 | INFO     | browser_engine | Selecting language 'English' and country 'Pakistan' on landing page...
2026-03-17 11:41:01,346 | INFO     | browser_engine | Landing page ready after 1 checks
2026-03-17 11:41:01,982 | ERROR    | browser_engine | Option 'English' not found in '-- Select Language --' dropdown
2026-03-17 11:41:01,983 | ERROR    | browser_engine | Failed to select language: English
2026-03-17 11:41:01,983 | ERROR    | browser_engine | Failed to reach /schedule booking form
2026-03-17 11:41:01,983 | ERROR    | browser_engine | Login failed
2026-03-17 11:41:01,983 | INFO     | browser_engine | ============================================================
2026-03-17 11:41:01,983 | INFO     | browser_engine | BOOKING ATTEMPT 3/3
2026-03-17 11:41:01,983 | INFO     | browser_engine | Applicant: CL1601271
2026-03-17 11:41:01,985 | INFO     | browser_engine | Date range: 2025-02-01 to 2025-03-31
2026-03-17 11:41:01,985 | INFO     | browser_engine | Center: Islamabad
2026-03-17 11:41:01,985 | INFO     | browser_engine | Proxy session: 1ataawc4
2026-03-17 11:41:01,985 | INFO     | browser_engine | ============================================================
2026-03-17 11:41:01,985 | INFO     | browser_engine | Logging in: CL1601271
2026-03-17 11:41:01,985 | INFO     | browser_engine | Starting full navigation — Language: English, Country: Pakistan
2026-03-17 11:41:05,475 | INFO     | browser_engine | Selecting language 'English' and country 'Pakistan' on landing page...
2026-03-17 11:41:05,476 | INFO     | browser_engine | Landing page ready after 1 checks
2026-03-17 11:41:06,582 | INFO     | browser_engine | Dropdown '-- Select Language --' => 'English', input now: 'English'
2026-03-17 11:41:06,582 | INFO     | browser_engine | Language selected: English
2026-03-17 11:41:08,806 | INFO     | browser_engine | Dropdown '-- Select Country --' => 'Pakistan', input now: 'Pakistan'
2026-03-17 11:41:08,806 | INFO     | browser_engine | Country selected: Pakistan — waiting for auto-navigation to /home...
2026-03-17 11:41:23,802 | WARNING  | browser_engine | Did not reach /home after 15s (current: https://www.qatarvisacenter.com/) — continuing anyway
2026-03-17 11:41:25,825 | INFO     | browser_engine | Clicking 'Book Appointment' on /home to navigate to /schedule...
2026-03-17 11:41:25,827 | ERROR    | browser_engine | Could not find visible 'Book Appointment' link on /home
2026-03-17 11:41:25,827 | ERROR    | browser_engine | Failed to reach /schedule booking form
2026-03-17 11:41:25,827 | ERROR    | browser_engine | Login failed
2026-03-17 11:41:25,827 | INFO     | proxy_manager | Rotating proxy session: None -> dqahwpbl
2026-03-17 11:41:25,828 | INFO     | proxy_manager | Proxy rotated (reason: captcha_loop) | Count: 2 | Session: dqahwpbl
2026-03-17 11:41:25,828 | ERROR    | browser_engine | All 3 detection attempts failed for CL1601271
2026-03-17 11:41:25,828 | INFO     | nodriver.core.browser | terminated browser with pid 20600 successfully
2026-03-17 11:41:25,828 | INFO     | browser_engine | Browser closed
2026-03-17 11:41:25,829 | INFO     | web_server | [Bot] [CL1601271] No slots found, will rotate IP...
2026-03-17 11:41:29,857 | INFO     | web_server | [Bot] [CL1601271] Rotating IP (rotation 2/60)...
2026-03-17 11:41:29,857 | INFO     | proxy_manager | Rotating proxy session: None -> lwiam7p3
2026-03-17 11:41:29,857 | INFO     | proxy_manager | Proxy rotated (reason: rotation_2) | Count: 3 | Session: lwiam7p3
2026-03-17 11:41:29,907 | INFO     | captcha_solver | Local OCR (ddddocr) initialized
2026-03-17 11:41:29,907 | INFO     | browser_engine | Starting browser...
2026-03-17 11:41:29,907 | INFO     | browser_engine | Proxy configured: gw.dataimpulse.com:823
2026-03-17 11:41:29,907 | INFO     | browser_engine | Session ID: lwiam7p3
2026-03-17 11:41:29,937 | INFO     | browser_engine | Chrome at known path: C:\Program Files\Google\Chrome\Application\chrome.exe
2026-03-17 11:41:29,938 | INFO     | nodriver.core.browser | starting
	executable :C:\Program Files\Google\Chrome\Application\chrome.exe

arguments:
--remote-allow-origins=*
	--no-first-run
	--no-service-autorun
	--no-default-browser-check
	--homepage=about:blank
	--no-pings
	--password-store=basic
	--disable-infobars
	--disable-breakpad
	--disable-dev-shm-usage
	--disable-session-crashed-bubble
	--disable-search-engine-choice-screen
	--user-data-dir=C:\Users\calci\AppData\Local\Temp\chrome_uc_f5d07568
	--disable-session-crashed-bubble
	--disable-features=IsolateOrigins,site-per-process
	--no-sandbox
	--disable-setuid-sandbox
	--window-size=1920,1080
	--disable-blink-features=AutomationControlled
	--mute-audio
	--disable-gpu
	--proxy-server=http://gw.dataimpulse.com:823
	--no-sandbox
	--remote-debugging-host=127.0.0.1
	--remote-debugging-port=63748
2026-03-17 11:41:30,290 | INFO     | nodriver.core.browser | enabling autodiscover targets
2026-03-17 11:41:30,339 | INFO     | browser_engine | Browser process started (attempt 1)
2026-03-17 11:41:30,364 | INFO     | browser_engine | CDP proxy auth handler configured (user: ae206a2856858352a07d)
2026-03-17 11:41:30,365 | INFO     | browser_engine | Navigating to https://www.qatarvisacenter.com...
2026-03-17 11:41:40,357 | INFO     | browser_engine | Page loaded - URL: https://www.qatarvisacenter.com/
2026-03-17 11:41:40,357 | INFO     | browser_engine | Page title: 'QVC | Qatar Visa Center'
2026-03-17 11:41:40,357 | INFO     | browser_engine | Page body preview: Choose applicant language and country of residence for appointment booking
2026-03-17 11:41:42,099 | INFO     | httpx | HTTP Request: GET https://api.ipify.org?format=json "HTTP/1.1 200 OK"
2026-03-17 11:41:42,102 | INFO     | proxy_manager | Current proxy IP: 83.61.176.160
2026-03-17 11:41:42,104 | INFO     | browser_engine | ✓ Proxy IP verified: 83.61.176.160
2026-03-17 11:41:42,160 | INFO     | bandwidth_monitor | ✓ Bandwidth monitor attached successfully
2026-03-17 11:41:42,163 | INFO     | browser_engine | Navigated to: https://www.qatarvisacenter.com/ | Title: QVC | Qatar Visa Center
2026-03-17 11:41:42,163 | INFO     | browser_engine | Browser started successfully
2026-03-17 11:41:43,873 | INFO     | httpx | HTTP Request: GET https://api.ipify.org?format=json "HTTP/1.1 200 OK"
2026-03-17 11:41:43,874 | INFO     | proxy_manager | Current proxy IP: 213.78.169.112
2026-03-17 11:41:43,876 | INFO     | web_server | [Bot] [CL1601271] Connected with IP: 213.78.169.112
2026-03-17 11:41:43,876 | INFO     | web_server | [Bot] [CL1601271] Session duration: 5 min
2026-03-17 11:41:43,876 | INFO     | browser_engine | ============================================================
2026-03-17 11:41:43,876 | INFO     | browser_engine | BOOKING ATTEMPT 1/3
2026-03-17 11:41:43,876 | INFO     | browser_engine | Applicant: CL1601271
2026-03-17 11:41:43,877 | INFO     | browser_engine | Date range: 2025-02-01 to 2025-03-31
2026-03-17 11:41:43,877 | INFO     | browser_engine | Center: Islamabad
2026-03-17 11:41:43,877 | INFO     | browser_engine | Proxy session: lwiam7p3
2026-03-17 11:41:43,877 | INFO     | browser_engine | ============================================================
2026-03-17 11:41:43,877 | INFO     | browser_engine | Logging in: CL1601271
2026-03-17 11:41:43,877 | INFO     | browser_engine | Starting full navigation — Language: English, Country: Pakistan
2026-03-17 11:41:47,416 | INFO     | browser_engine | Selecting language 'English' and country 'Pakistan' on landing page...
2026-03-17 11:41:47,417 | INFO     | browser_engine | Landing page ready after 1 checks
2026-03-17 11:41:48,101 | ERROR    | browser_engine | Option 'English' not found in '-- Select Language --' dropdown
2026-03-17 11:41:48,103 | ERROR    | browser_engine | Failed to select language: English
2026-03-17 11:41:48,103 | ERROR    | browser_engine | Failed to reach /schedule booking form
2026-03-17 11:41:48,103 | ERROR    | browser_engine | Login failed
2026-03-17 11:41:48,103 | INFO     | browser_engine | ============================================================
2026-03-17 11:41:48,103 | INFO     | browser_engine | BOOKING ATTEMPT 2/3
2026-03-17 11:41:48,104 | INFO     | browser_engine | Applicant: CL1601271
2026-03-17 11:41:48,104 | INFO     | browser_engine | Date range: 2025-02-01 to 2025-03-31
2026-03-17 11:41:48,104 | INFO     | browser_engine | Center: Islamabad
2026-03-17 11:41:48,104 | INFO     | browser_engine | Proxy session: lwiam7p3
2026-03-17 11:41:48,104 | INFO     | browser_engine | ============================================================
2026-03-17 11:41:48,104 | INFO     | browser_engine | Logging in: CL1601271
2026-03-17 11:41:48,104 | INFO     | browser_engine | Starting full navigation — Language: English, Country: Pakistan
2026-03-17 11:41:51,595 | INFO     | browser_engine | Selecting language 'English' and country 'Pakistan' on landing page...
2026-03-17 11:41:51,597 | INFO     | browser_engine | Landing page ready after 1 checks
2026-03-17 11:41:52,745 | INFO     | browser_engine | Dropdown '-- Select Language --' => 'English', input now: 'English'
2026-03-17 11:41:52,745 | INFO     | browser_engine | Language selected: English
2026-03-17 11:41:54,920 | INFO     | browser_engine | Dropdown '-- Select Country --' => 'Pakistan', input now: 'Pakistan'
2026-03-17 11:41:54,920 | INFO     | browser_engine | Country selected: Pakistan — waiting for auto-navigation to /home...
2026-03-17 11:42:01,960 | INFO     | web_server | [Bot] Final: 0 completed, 0 failed, 0 stopped
2026-03-17 11:42:02,059 | INFO     | web_server | [Bot] [CL1601271] Session cancelled
2026-03-17 11:42:02,059 | INFO     | browser_engine | Browser closed
2026-03-17 12:04:43,446 | INFO     | __main__ | S3 session logging enabled
2026-03-17 12:04:43,448 | INFO     | __main__ | Serving static files from: C:\Work\Core\Qatar-Visa-bot\web
2026-03-17 12:04:43,615 | INFO     | web_server | S3 session logging enabled
2026-03-17 12:04:43,615 | INFO     | web_server | Serving static files from: C:\Work\Core\Qatar-Visa-bot\web
2026-03-17 12:04:45,605 | INFO     | db | MongoDB connected
2026-03-17 12:04:45,965 | INFO     | web_server | Scheduler started
2026-03-17 12:04:45,966 | INFO     | web_server | Qatar Visa Bot Web Server is ready (Parallel Mode)
2026-03-17 12:05:21,530 | INFO     | web_server | Bot started for 1 applicants (max parallel: 2)
2026-03-17 12:05:21,531 | INFO     | web_server | [Bot] ==================================================
2026-03-17 12:05:21,531 | INFO     | web_server | [Bot] PARALLEL BOT STARTED
2026-03-17 12:05:21,532 | INFO     | web_server | [Bot] Center: Islamabad
2026-03-17 12:05:21,532 | INFO     | web_server | [Bot] Applicants: 1
2026-03-17 12:05:21,532 | INFO     | web_server | [Bot] Max parallel: 2
2026-03-17 12:05:21,532 | INFO     | web_server | [Bot] ==================================================
2026-03-17 12:05:22,746 | INFO     | web_server | [Bot] [CL1601271] Created session 1/1
2026-03-17 12:05:23,069 | INFO     | web_server | [Bot] [CL1601271] Starting session...
2026-03-17 12:05:23,543 | INFO     | captcha_solver | Local OCR (ddddocr) initialized
2026-03-17 12:05:23,543 | INFO     | browser_engine | Starting browser...
2026-03-17 12:05:23,576 | INFO     | browser_engine | Chrome at known path: C:\Program Files\Google\Chrome\Application\chrome.exe
2026-03-17 12:05:23,579 | INFO     | nodriver.core.browser | starting
	executable :C:\Program Files\Google\Chrome\Application\chrome.exe

arguments:
--remote-allow-origins=*
	--no-first-run
	--no-service-autorun
	--no-default-browser-check
	--homepage=about:blank
	--no-pings
	--password-store=basic
	--disable-infobars
	--disable-breakpad
	--disable-dev-shm-usage
	--disable-session-crashed-bubble
	--disable-search-engine-choice-screen
	--user-data-dir=C:\Users\calci\AppData\Local\Temp\chrome_uc_1d093fac
	--disable-session-crashed-bubble
	--disable-features=IsolateOrigins,site-per-process
	--no-sandbox
	--disable-setuid-sandbox
	--window-size=1920,1080
	--disable-blink-features=AutomationControlled
	--mute-audio
	--disable-gpu
	--no-sandbox
	--remote-debugging-host=127.0.0.1
	--remote-debugging-port=55190
2026-03-17 12:05:24,346 | INFO     | nodriver.core.browser | enabling autodiscover targets
2026-03-17 12:05:24,352 | INFO     | browser_engine | Browser process started (attempt 1)
2026-03-17 12:05:24,353 | INFO     | browser_engine | Navigating to https://www.qatarvisacenter.com...
2026-03-17 12:05:27,754 | INFO     | web_server | [Bot] All 1 sessions started, waiting for completion...
2026-03-17 12:05:32,819 | INFO     | browser_engine | Page loaded - URL: https://www.qatarvisacenter.com/
2026-03-17 12:05:32,819 | INFO     | browser_engine | Page title: 'QVC | Qatar Visa Center'
2026-03-17 12:05:32,819 | INFO     | browser_engine | Page body preview: Choose applicant language and country of residence for appointment booking
2026-03-17 12:05:32,820 | INFO     | bandwidth_monitor | ✓ Bandwidth monitor attached successfully
2026-03-17 12:05:32,821 | INFO     | browser_engine | Navigated to: https://www.qatarvisacenter.com/ | Title: QVC | Qatar Visa Center
2026-03-17 12:05:32,822 | INFO     | browser_engine | Browser started successfully
2026-03-17 12:05:32,822 | INFO     | web_server | [Bot] [CL1601271] Session duration: 5 min
2026-03-17 12:05:32,822 | INFO     | browser_engine | ============================================================
2026-03-17 12:05:32,822 | INFO     | browser_engine | BOOKING ATTEMPT 1/3
2026-03-17 12:05:32,822 | INFO     | browser_engine | Applicant: CL1601271
2026-03-17 12:05:32,823 | INFO     | browser_engine | Date range: 2025-02-01 to 2025-03-31
2026-03-17 12:05:32,823 | INFO     | browser_engine | Center: Islamabad
2026-03-17 12:05:32,823 | INFO     | browser_engine | ============================================================
2026-03-17 12:05:32,823 | INFO     | browser_engine | Logging in: CL1601271
2026-03-17 12:05:32,823 | INFO     | browser_engine | Starting full navigation — Language: English, Country: Pakistan
2026-03-17 12:05:36,354 | INFO     | browser_engine | Selecting language 'English' and country 'Pakistan' on landing page...
2026-03-17 12:05:38,386 | ERROR    | browser_engine | navigate_to_booking_form failed: [WinError 1225] The remote computer refused the network connection
2026-03-17 12:05:38,484 | ERROR    | browser_engine | Failed to reach /schedule booking form
2026-03-17 12:05:38,484 | ERROR    | browser_engine | Login failed
2026-03-17 12:05:38,485 | INFO     | browser_engine | ============================================================
2026-03-17 12:05:38,485 | INFO     | browser_engine | BOOKING ATTEMPT 2/3
2026-03-17 12:05:38,485 | INFO     | browser_engine | Applicant: CL1601271
2026-03-17 12:05:38,486 | INFO     | browser_engine | Date range: 2025-02-01 to 2025-03-31
2026-03-17 12:05:38,486 | INFO     | browser_engine | Center: Islamabad
2026-03-17 12:05:38,486 | INFO     | browser_engine | ============================================================
2026-03-17 12:05:38,486 | INFO     | browser_engine | Logging in: CL1601271
2026-03-17 12:05:38,486 | INFO     | browser_engine | Starting full navigation — Language: English, Country: Pakistan
2026-03-17 12:05:40,512 | ERROR    | browser_engine | navigate_to_booking_form failed: [WinError 1225] The remote computer refused the network connection
2026-03-17 12:05:40,514 | ERROR    | browser_engine | Failed to reach /schedule booking form
2026-03-17 12:05:40,514 | ERROR    | browser_engine | Login failed
2026-03-17 12:05:40,514 | INFO     | browser_engine | ============================================================
2026-03-17 12:05:40,515 | INFO     | browser_engine | BOOKING ATTEMPT 3/3
2026-03-17 12:05:40,515 | INFO     | browser_engine | Applicant: CL1601271
2026-03-17 12:05:40,515 | INFO     | browser_engine | Date range: 2025-02-01 to 2025-03-31
2026-03-17 12:05:40,515 | INFO     | browser_engine | Center: Islamabad
2026-03-17 12:05:40,515 | INFO     | browser_engine | ============================================================
2026-03-17 12:05:40,515 | INFO     | browser_engine | Logging in: CL1601271
2026-03-17 12:05:40,515 | INFO     | browser_engine | Starting full navigation — Language: English, Country: Pakistan
2026-03-17 12:05:42,180 | INFO     | web_server | Force stop initiated for all sessions
2026-03-17 12:05:42,180 | INFO     | browser_engine | Browser closed
2026-03-17 12:05:42,181 | INFO     | web_server | [Bot] All sessions force stopped
2026-03-17 12:05:42,181 | INFO     | web_server | Bot stopped by user
2026-03-17 12:05:42,182 | INFO     | web_server | [Bot] [CL1601271] Session cancelled
2026-03-17 12:05:42,813 | INFO     | web_server | [Bot] Stop requested - cancelling all sessions
2026-03-17 12:05:43,977 | INFO     | web_server | Force stop initiated for all sessions
2026-03-17 12:05:43,978 | INFO     | web_server | [Bot] All sessions force stopped
2026-03-17 12:05:43,978 | INFO     | web_server | Bot stopped by user
2026-03-17 12:05:44,063 | INFO     | web_server | [Bot] ==================================================
2026-03-17 12:05:44,063 | INFO     | web_server | [Bot] All sessions completed - no slots found
2026-03-17 12:05:44,064 | INFO     | web_server | [Bot] ==================================================
2026-03-17 12:05:44,064 | INFO     | web_server | [Bot] Final: 0 completed, 0 failed, 1 stopped
2026-03-17 12:05:44,971 | INFO     | web_server | Bot started for 1 applicants (max parallel: 2)
2026-03-17 12:05:44,972 | INFO     | web_server | [Bot] ==================================================
2026-03-17 12:05:44,972 | INFO     | web_server | [Bot] PARALLEL BOT STARTED
2026-03-17 12:05:44,973 | INFO     | web_server | [Bot] Center: Islamabad
2026-03-17 12:05:44,973 | INFO     | web_server | [Bot] Applicants: 1
2026-03-17 12:05:44,973 | INFO     | web_server | [Bot] Max parallel: 2
2026-03-17 12:05:44,973 | INFO     | web_server | [Bot] ==================================================
2026-03-17 12:05:45,747 | INFO     | web_server | Force stop initiated for all sessions
2026-03-17 12:05:45,747 | INFO     | web_server | [Bot] All sessions force stopped
2026-03-17 12:05:45,748 | INFO     | web_server | Bot stopped by user
2026-03-17 12:05:46,097 | INFO     | web_server | [Bot] [CL1601271] Created session 1/1
2026-03-17 12:05:46,098 | INFO     | web_server | [Bot] [CL1601271] Session completed after 0 rotations - no slots found
2026-03-17 12:05:47,021 | WARNING  | s3_logger | Failed to upload session logs to S3: An error occurred (AccessDenied) when calling the PutObject operation: Access Denied
2026-03-17 12:05:51,120 | INFO     | web_server | [Bot] All 1 sessions started, waiting for completion...
2026-03-17 12:05:51,121 | INFO     | web_server | [Bot] Stop requested - cancelling all sessions
2026-03-17 12:05:52,253 | INFO     | web_server | [Bot] ==================================================
2026-03-17 12:05:52,255 | INFO     | web_server | [Bot] All sessions completed - no slots found
2026-03-17 12:05:52,255 | INFO     | web_server | [Bot] ==================================================
2026-03-17 12:05:52,255 | INFO     | web_server | [Bot] Final: 1 completed, 0 failed, 0 stopped
2026-03-17 12:05:53,351 | INFO     | web_server | Shutting down - cleaning up...
2026-03-17 12:05:53,351 | INFO     | web_server | Force stop initiated for all sessions
2026-03-17 12:05:53,351 | INFO     | web_server | [Bot] All sessions force stopped
2026-03-17 12:05:53,466 | INFO     | db | MongoDB disconnected
2026-03-17 12:05:53,466 | INFO     | web_server | Shutdown complete
2026-03-19 07:55:06,516 | INFO     | __main__ | S3 session logging enabled
2026-03-19 07:55:06,518 | INFO     | __main__ | Serving static files from: C:\Work\Core\Qatar-Visa-bot\web
2026-03-19 07:55:06,710 | INFO     | web_server | S3 session logging enabled
2026-03-19 07:55:06,711 | INFO     | web_server | Serving static files from: C:\Work\Core\Qatar-Visa-bot\web
2026-03-19 07:55:09,067 | INFO     | db | MongoDB connected
2026-03-19 07:55:09,424 | INFO     | web_server | Scheduler started
2026-03-19 07:55:09,424 | INFO     | web_server | Qatar Visa Bot Web Server is ready (Parallel Mode)
2026-03-19 07:55:34,414 | INFO     | web_server | Shutting down - cleaning up...
2026-03-19 07:55:34,415 | INFO     | web_server | Force stop initiated for all sessions
2026-03-19 07:55:34,415 | INFO     | web_server | [Bot] All sessions force stopped
2026-03-19 07:55:34,572 | INFO     | db | MongoDB disconnected
2026-03-19 07:55:34,572 | INFO     | web_server | Shutdown complete
